[vuetifyjs.com/en/index.html]
[backblue.gif]
[fade.gif]
[index.html]
[cdn.vuetifyjs.com/images/logos/vuetify-logo-300.png]
[use.fontawesome.com/releases/v5.0.8/css/all.css]
[vuetifyjs.com/dist/runtime_app.502cf21b35883fe996c8.js]
[vuetifyjs.com/dist/common.e643ecc1fb9596fce3bf.css]
[vuetifyjs.com/dist/vendors_app.e643ecc1fb9596fce3bf.js]
[vuetifyjs.com/dist/common.4c613c4d164f318b763b.css]
[vuetifyjs.com/dist/app.4c613c4d164f318b763b.js]
[vuetifyjs.com/dist/root.d6dfbfea5d576fc142a9.js]
[vuetifyjs.com/dist/common.e7691ad8897066b9eb3c.css]
[vuetifyjs.com/dist/home.e7691ad8897066b9eb3c.js]
[vuetifyjs.com/dist/762.637a538dfd25996a4756.js]
[vuetifyjs.com/dist/common.f2e99d59a4d532aff751.css]
[vuetifyjs.com/dist/659.f2e99d59a4d532aff751.js]
[vuetifyjs.com/dist/761.d85438194aafe7b7af23.js]
[vuetifyjs.com/dist/764.1d8028b339ebe76fc58d.js]
[vuetifyjs.com/dist/763.86fe2c2fece3c2f2d567.js]
[vuetifyjs.com/dist/common.9645f0d00a9d4b55cc34.css]
[vuetifyjs.com/dist/658.9645f0d00a9d4b55cc34.js]
[cdn.vuetifyjs.com/images/affiliates/tidelift-small.png]
[vuetifyjs.com/en/getting-started/quick-start.html]
[vuetifyjs.com/en/index.html]
[use.fontawesome.com/releases/v5.0.8/css/all.css]
[vuetifyjs.com/en/getting-started/sponsors-and-backers.html]
[vuetifyjs.com/dist/img/materialdesignicons-webfont.187554e.eot]
[vuetifyjs.com/dist/img/materialdesignicons-webfont.d1bdfb3.woff2]
[vuetifyjs.com/dist/img/materialdesignicons-webfont.187554ed41d.eot]
[vuetifyjs.com/dist/img/materialdesignicons-webfont.a5a63c0.woff]
[vuetifyjs.com/dist/img/materialdesignicons-webfont.af695ae.ttf]
[vuetifyjs.com/dist/common.e643ecc1fb9596fce3bf.css]
[vuetifyjs.com/dist/common.4c613c4d164f318b763b.css]
[vuetifyjs.com/dist/common.e7691ad8897066b9eb3c.css]
[vuetifyjs.com/dist/common.f2e99d59a4d532aff751.css]
[vuetifyjs.com/dist/common.9645f0d00a9d4b55cc34.css]
[vuetifyjs.com/dist/img/materialdesignicons-webfont.b65a7ff.svg]
[vuetifyjs.com/dist/common.81752aa354269a842f03.css]
[vuetifyjs.com/dist/documentation.81752aa354269a842f03.js]
[vuetifyjs.com/en/getting-started/why-vuetify.html]
[vuetifyjs.com/en/getting-started/frequently-asked-questions.html]
[vuetifyjs.com/en/getting-started/meet-the-team.html]
[vuetifyjs.com/en/getting-started/contributing.html]
[vuetifyjs.com/en/getting-started/roadmap.html]
[vuetifyjs.com/en/getting-started/consulting-and-support.html]
[vuetifyjs.com/en/framework/a-la-carte.html]
[vuetifyjs.com/en/framework/grid.html]
[vuetifyjs.com/en/framework/grid-lists.html]
[vuetifyjs.com/en/framework/icons.html]
[vuetifyjs.com/en/framework/internationalization.html]
[vuetifyjs.com/en/framework/default-markup.html]
[vuetifyjs.com/en/framework/aspect-ratios.html]
[vuetifyjs.com/en/framework/breakpoints.html]
[vuetifyjs.com/en/framework/pre-made-layouts.html]
[vuetifyjs.com/en/framework/colors.html]
[vuetifyjs.com/en/framework/content.html]
[vuetifyjs.com/en/framework/theme.html]
[vuetifyjs.com/en/framework/typography.html]
[vuetifyjs.com/en/framework/display.html]
[vuetifyjs.com/en/framework/elevation.html]
[vuetifyjs.com/en/framework/spacing.html]
[vuetifyjs.com/en/framework/alignment.html]
[vuetifyjs.com/en/framework/scroll.html]
[vuetifyjs.com/en/framework/transitions.html]
[vuetifyjs.com/en/components/api-explorer.html]
[vuetifyjs.com/en/components/alerts.html]
[vuetifyjs.com/en/components/avatars.html]
[vuetifyjs.com/en/components/badges.html]
[vuetifyjs.com/en/components/bottom-navigation.html]
[vuetifyjs.com/en/components/bottom-sheets.html]
[vuetifyjs.com/en/components/breadcrumbs.html]
[vuetifyjs.com/en/components/buttons.html]
[vuetifyjs.com/en/components/floating-action-buttons.html]
[vuetifyjs.com/en/components/calendars.html]
[vuetifyjs.com/en/components/cards.html]
[vuetifyjs.com/en/components/carousels.html]
[vuetifyjs.com/en/components/chips.html]
[vuetifyjs.com/en/components/data-iterator.html]
[vuetifyjs.com/en/components/data-tables.html]
[vuetifyjs.com/en/components/dialogs.html]
[vuetifyjs.com/en/components/dividers.html]
[vuetifyjs.com/en/components/expansion-panels.html]
[vuetifyjs.com/en/components/footer.html]
[vuetifyjs.com/en/components/button-groups.html]
[vuetifyjs.com/en/components/item-groups.html]
[vuetifyjs.com/en/components/windows.html]
[vuetifyjs.com/en/components/hover.html]
[vuetifyjs.com/en/components/icons.html]
[vuetifyjs.com/en/components/images.html]
[vuetifyjs.com/en/components/autocompletes.html]
[vuetifyjs.com/en/components/combobox.html]
[vuetifyjs.com/en/components/forms.html]
[vuetifyjs.com/en/components/inputs.html]
[vuetifyjs.com/en/components/overflow-btns.html]
[vuetifyjs.com/en/components/selects.html]
[vuetifyjs.com/en/components/selection-controls.html]
[vuetifyjs.com/en/components/sliders.html]
[vuetifyjs.com/en/components/textarea.html]
[vuetifyjs.com/en/components/text-fields.html]
[vuetifyjs.com/en/components/jumbotrons.html]
[vuetifyjs.com/en/components/lists.html]
[vuetifyjs.com/en/components/menus.html]
[vuetifyjs.com/en/components/navigation-drawers.html]
[vuetifyjs.com/en/components/paginations.html]
[vuetifyjs.com/en/components/parallax.html]
[vuetifyjs.com/en/components/date-pickers.html]
[vuetifyjs.com/en/components/time-pickers.html]
[vuetifyjs.com/en/components/progress.html]
[vuetifyjs.com/en/components/ratings.html]
[vuetifyjs.com/en/components/sheets.html]
[vuetifyjs.com/en/components/snackbars.html]
[vuetifyjs.com/en/components/sparklines.html]
[vuetifyjs.com/en/components/steppers.html]
[vuetifyjs.com/en/components/subheaders.html]
[vuetifyjs.com/en/components/tabs.html]
[vuetifyjs.com/en/components/timelines.html]
[vuetifyjs.com/en/components/toolbars.html]
[vuetifyjs.com/en/components/tooltips.html]
[vuetifyjs.com/en/components/treeview.html]
[vuetifyjs.com/en/directives/resizing.html]
[vuetifyjs.com/en/directives/ripples.html]
[vuetifyjs.com/en/directives/scrolling.html]
[vuetifyjs.com/en/directives/touch-support.html]
[vuetifyjs.com/en/getting-started/quick-start.html]
[vuetifyjs.com/en/getting-started/sponsors-and-backers.html]
[vuetifyjs.com/en/themes/premium.html]
[vuetifyjs.com/dist/img/materialdesignicons-webfont.b65a7ff.svg]
[vuetifyjs.com/dist/common.81752aa354269a842f03.css]
[vuetifyjs.com/en/getting-started/why-vuetify.html]
[vuetifyjs.com/en/getting-started/frequently-asked-questions.html]
[vuetifyjs.com/en/getting-started/meet-the-team.html]
[vuetifyjs.com/en/getting-started/contributing.html]
[vuetifyjs.com/en/getting-started/roadmap.html]
[vuetifyjs.com/en/getting-started/consulting-and-support.html]
[vuetifyjs.com/en/framework/a-la-carte.html]
[vuetifyjs.com/en/framework/grid.html]
[vuetifyjs.com/en/framework/grid-lists.html]
[vuetifyjs.com/en/framework/icons.html]
[vuetifyjs.com/en/framework/internationalization.html]
[vuetifyjs.com/en/framework/default-markup.html]
[vuetifyjs.com/en/framework/aspect-ratios.html]
[vuetifyjs.com/en/framework/breakpoints.html]
[vuetifyjs.com/en/framework/pre-made-layouts.html]
[vuetifyjs.com/en/framework/colors.html]
[vuetifyjs.com/en/framework/content.html]
[vuetifyjs.com/en/framework/theme.html]
[vuetifyjs.com/en/framework/typography.html]
[vuetifyjs.com/en/framework/display.html]
[vuetifyjs.com/en/framework/elevation.html]
[vuetifyjs.com/en/framework/spacing.html]
[vuetifyjs.com/en/framework/alignment.html]
[vuetifyjs.com/en/framework/scroll.html]
[vuetifyjs.com/en/framework/transitions.html]
[vuetifyjs.com/en/components/categories/forms.html]
[vuetifyjs.com/en/components/categories/navigation.html]
[vuetifyjs.com/en/components/categories/layout.html]
[vuetifyjs.com/en/components/categories/buttons.html]
[vuetifyjs.com/en/components/categories/modals.html]
[vuetifyjs.com/en/components/api-explorer.html]
[vuetifyjs.com/en/components/alerts.html]
[vuetifyjs.com/en/components/avatars.html]
[vuetifyjs.com/en/components/badges.html]
[vuetifyjs.com/en/components/bottom-navigation.html]
[vuetifyjs.com/en/components/bottom-sheets.html]
[vuetifyjs.com/en/components/breadcrumbs.html]
[vuetifyjs.com/en/components/buttons.html]
[vuetifyjs.com/en/components/floating-action-buttons.html]
[vuetifyjs.com/en/components/calendars.html]
[vuetifyjs.com/en/components/cards.html]
[vuetifyjs.com/en/components/carousels.html]
[vuetifyjs.com/en/components/chips.html]
[vuetifyjs.com/en/components/data-iterator.html]
[vuetifyjs.com/en/components/data-tables.html]
[vuetifyjs.com/en/components/dialogs.html]
[vuetifyjs.com/en/components/dividers.html]
[vuetifyjs.com/en/components/expansion-panels.html]
[vuetifyjs.com/en/components/footer.html]
[vuetifyjs.com/en/components/button-groups.html]
[vuetifyjs.com/en/components/item-groups.html]
[vuetifyjs.com/en/components/windows.html]
[vuetifyjs.com/en/components/hover.html]
[vuetifyjs.com/en/components/icons.html]
[vuetifyjs.com/en/components/images.html]
[vuetifyjs.com/en/components/categories/tables.html]
[vuetifyjs.com/en/components/autocompletes.html]
[vuetifyjs.com/en/components/combobox.html]
[vuetifyjs.com/en/components/forms.html]
[vuetifyjs.com/en/components/inputs.html]
[vuetifyjs.com/en/components/overflow-btns.html]
[vuetifyjs.com/en/components/selects.html]
[vuetifyjs.com/en/components/selection-controls.html]
[vuetifyjs.com/en/components/sliders.html]
[vuetifyjs.com/en/components/textarea.html]
[vuetifyjs.com/en/components/text-fields.html]
[vuetifyjs.com/en/components/jumbotrons.html]
[vuetifyjs.com/en/components/lists.html]
[vuetifyjs.com/en/components/menus.html]
[vuetifyjs.com/en/components/navigation-drawers.html]
[vuetifyjs.com/en/components/paginations.html]
[vuetifyjs.com/en/components/parallax.html]
[vuetifyjs.com/en/components/date-pickers.html]
[vuetifyjs.com/en/components/time-pickers.html]
[vuetifyjs.com/en/components/progress.html]
[vuetifyjs.com/en/components/ratings.html]
[vuetifyjs.com/en/components/sheets.html]
[vuetifyjs.com/en/components/snackbars.html]
[vuetifyjs.com/en/components/sparklines.html]
[vuetifyjs.com/en/components/steppers.html]
[vuetifyjs.com/en/components/subheaders.html]
[vuetifyjs.com/en/components/tabs.html]
[vuetifyjs.com/en/components/timelines.html]
[vuetifyjs.com/en/components/toolbars.html]
[vuetifyjs.com/en/components/tooltips.html]
[vuetifyjs.com/en/components/treeview.html]
[vuetifyjs.com/en/directives/resizing.html]
[vuetifyjs.com/en/directives/ripples.html]
[vuetifyjs.com/en/directives/scrolling.html]
[vuetifyjs.com/en/directives/touch-support.html]
[vuetifyjs.com/en/themes/premium.html]
[github.com/vuetifyjs/vuetify/blob/master/packages/vuetify/src/components/VAutocomplete/VAutocomplete.html]
[vuetifyjs.com/en/components/checkboxes.html]
[vuetifyjs.com/en/components/form.html]
[vuetifyjs.com/en/components/radios.html]
[vuetifyjs.com/en/components/categories/forms.html]
[vuetifyjs.com/en/components/categories/navigation.html]
[vuetifyjs.com/en/components/slide-toggles.html]
[vuetifyjs.com/en/components/categories/layout.html]
[vuetifyjs.com/en/components/grid-lists.html]
[vuetifyjs.com/en/components/buttons-and-indicators.html]
[vuetifyjs.com/en/components/progress-circular.html]
[vuetifyjs.com/en/components/categories/buttons.html]
[vuetifyjs.com/en/components/categories/modals.html]
[vuetifyjs.com/en/components/categories/tables.html]
[vuetifyjs.com/en/components/progress-linear.html]
[github.githubassets.com/assets/frameworks-c567bfeb1cb9f4ac89533a5e03dbe623.css]
[github.githubassets.com/assets/site-71c0e1058fc31e6523c835f51df7bbcb.css]
[github.githubassets.com/assets/github-9e5ef3ab2206391b5739c9928c9e4556.css]
[github.com/fluidicon.png]
[github.com/login6114.html]
[github.com/vuetifyjs/vuetify/blob/7817ab07471be4d6b90ddbb189d7b9e913f18f11/packages/vuetify/src/components/VAutocomplete/VAutocomplete.html]
[github.com/vuetifyjs/vuetify/ref-list/master/packages/vuetify/src/components/VAutocomplete/VAutocompletec03a.html]
[github.com/vuetifyjs/vuetify/commits/master/packages/vuetify/src/components/VAutocomplete/VAutocomplete3ac0.html]
[github.com/vuetifyjs/vuetify/commits/master/packages/vuetify/src/components/VAutocomplete/VAutocomplete9399.html]
[github.com/vuetifyjs/vuetify/commits/master/packages/vuetify/src/components/VAutocomplete/VAutocomplete30f9.html]
[github.com/vuetifyjs/vuetify/commits/master/packages/vuetify/src/components/VAutocomplete/VAutocompleted2ad.html]
[github.com/vuetifyjs/vuetify/commits/master/packages/vuetify/src/components/VAutocomplete/VAutocomplete64f9.html]
[raw.githubusercontent.com/vuetifyjs/vuetify/master/packages/vuetify/src/components/VAutocomplete/VAutocomplete.js]
[github.com/vuetifyjs/vuetify/blame/master/packages/vuetify/src/components/VAutocomplete/VAutocomplete.html]
[github.com/vuetifyjs/vuetify/commits/master/packages/vuetify/src/components/VAutocomplete/VAutocomplete.html]
[github.githubassets.com/assets/compat-bootstrap-592d9605949b5637.js]
[github.com/vuetifyjs/vuetify/blame/7817ab07471be4d6b90ddbb189d7b9e913f18f11/packages/vuetify/src/components/VAutocomplete/VAutocomplete.html]
[github.githubassets.com/assets/frameworks-0e58a78f3819c595.js]
[github.com/vuetifyjs/vuetify/blob/master/packages/vuetify/src/components/VAutocomplete/VAutocomplete.html]
[vuetifyjs.com/en/components/checkboxes.html]
[vuetifyjs.com/en/components/form.html]
[vuetifyjs.com/en/components/radios.html]
[vuetifyjs.com/en/components/slide-toggles.html]
[github.githubassets.com/assets/github-bootstrap-fafbf710acc8ac4d.js]
[vuetifyjs.com/en/components/grid-lists.html]
[vuetifyjs.com/en/components/buttons-and-indicators.html]
[vuetifyjs.com/en/components/progress-circular.html]
[vuetifyjs.com/en/components/progress-linear.html]
[github.githubassets.com/images/spinners/octocat-spinner-16px.gif]
[github.githubassets.com/images/modules/ajax/success.png]
[github.githubassets.com/images/modules/ajax/error.png]
[github.githubassets.com/images/spinners/octocat-spinner-32.gif]
[github.githubassets.com/images/modules/ajax/success@2x.png]
[github.githubassets.com/images/modules/ajax/error@2x.png]
[github.githubassets.com/assets/frameworks-c567bfeb1cb9f4ac89533a5e03dbe623.css]
[github.githubassets.com/images/spinners/octocat-spinner-32-EAF2F5.gif]
[github.githubassets.com/images/modules/site/netneutrality/netneutrality.png]
[github.githubassets.com/images/modules/site/illflow_window_ui.png]
[github.githubassets.com/images/modules/site/business-security-illflow-bg.png]
[github.githubassets.com/images/modules/site/site-signup-prompt.png]
[github.githubassets.com/assets/site-71c0e1058fc31e6523c835f51df7bbcb.css]
[github.githubassets.com/images/spinners/octocat-spinner-16px-EAF2F5.gif]
[github.githubassets.com/images/modules/pulls/progressive-disclosure-line@2x.png]
[github.githubassets.com/images/modules/pagehead/background-yellowhatch-v3.png]
[github.githubassets.com/images/spinners/octocat-spinner-64.gif]
[github.githubassets.com/images/modules/jobs/logo.png]
[github.githubassets.com/images/modules/commit/trans_bg.gif]
[github.githubassets.com/images/modules/comments/closed_pattern.gif]
[github.githubassets.com/images/spinners/octocat-spinner-128.gif]
[github.githubassets.com/images/modules/orgs/dots-bg.png]
[github.githubassets.com/images/modules/settings/2fa_guide.png]
[github.githubassets.com/images/modules/settings/2fa_guide@2x.png]
[github.githubassets.com/assets/github-9e5ef3ab2206391b5739c9928c9e4556.css]
[github.com/opensearch.xml]
[github.githubassets.com/images/modules/open_graph/github-logo.png]
[github.githubassets.com/images/modules/open_graph/github-mark.png]
[github.githubassets.com/images/modules/open_graph/github-octocat.png]
[github.com/login.html]
[github.com/manifest.json]
[github.com/password_reset.html]
[github.com/joina2e4.html]
[github.com/login6114.html]
[github.com/vuetifyjs/vuetify/blob/7817ab07471be4d6b90ddbb189d7b9e913f18f11/packages/vuetify/src/components/VAutocomplete/VAutocomplete.html]
[github.com/contact.html]
[github.com/vuetifyjs/vuetify/blob/chore/rollup/packages/vuetify/src/components/VAutocomplete/VAutocomplete.b6.delayed]
[github.com/vuetifyjs/vuetify/blob/chore/vue-test-utils/packages/vuetify/src/components/VAutocomplete/VAutocomplete.b7.delayed]
[github.com/vuetifyjs/vuetify/blob/dev/packages/vuetify/src/components/VAutocomplete/VAutocomplete.html]
[github.com/vuetifyjs/vuetify/blob/docs/add-sw/packages/vuetify/src/components/VAutocomplete/VAutocomplete.html]
[github.com/vuetifyjs/vuetify/blob/docs/ripples-page-refactor/packages/vuetify/src/components/VAutocomplete/VAutocomplete.html]
[github.com/vuetifyjs/vuetify/blob/enh/stackable-improvements/packages/vuetify/src/components/VAutocomplete/VAutocomplete.html]
[github.com/vuetifyjs/vuetify/blob/enhancement/morph-animejs/packages/vuetify/src/components/VAutocomplete/VAutocomplete.bc.delayed]
[github.com/vuetifyjs/vuetify/blob/failed/fix/text-field-error-state-orig/packages/vuetify/src/components/VAutocomplete/VAutocomplete.bd.delayed]
[github.com/vuetifyjs/vuetify/blob/failed/fix/text-field-error-state/packages/vuetify/src/components/VAutocomplete/VAutocomplete.be.delayed]
[github.com/vuetifyjs/vuetify/blob/feat/add-sparkline-fill/packages/vuetify/src/components/VAutocomplete/VAutocomplete.html]
[github.com/vuetifyjs/vuetify/blob/feat/calendar-events/packages/vuetify/src/components/VAutocomplete/VAutocomplete.html]
[github.com/vuetifyjs/vuetify/ref-list/master/packages/vuetify/src/components/VAutocomplete/VAutocompletec03a.html]
[github.com/vuetifyjs/vuetify/commits/master/packages/vuetify/src/components/VAutocomplete/VAutocomplete3ac0.html]
[github.com/vuetifyjs/vuetify/commits/master/packages/vuetify/src/components/VAutocomplete/VAutocomplete9399.html]
[github.com/vuetifyjs/vuetify/commits/master/packages/vuetify/src/components/VAutocomplete/VAutocomplete30f9.html]
[github.com/vuetifyjs/vuetify/commits/master/packages/vuetify/src/components/VAutocomplete/VAutocompleted2ad.html]
[github.com/vuetifyjs/vuetify/commits/master/packages/vuetify/src/components/VAutocomplete/VAutocomplete64f9.html]
[raw.githubusercontent.com/vuetifyjs/vuetify/master/packages/vuetify/src/components/VAutocomplete/VAutocomplete.js]
[github.com/vuetifyjs/vuetify/blame/master/packages/vuetify/src/components/VAutocomplete/VAutocomplete.html]
[github.com/vuetifyjs/vuetify/commits/master/packages/vuetify/src/components/VAutocomplete/VAutocomplete.html]
[github.com/vuetifyjs/vuetify/blame/7817ab07471be4d6b90ddbb189d7b9e913f18f11/packages/vuetify/src/components/VAutocomplete/VAutocomplete.html]
[github.com/login.html]
[github.com/password_reset.html]
[github.com/joina2e4.html]
[github.com/contact.html]
[github.com/vuetifyjs/vuetify/blob/chore/rollup/packages/vuetify/src/components/VAutocomplete/VAutocomplete.html]
[github.com/vuetifyjs/vuetify/blob/chore/vue-test-utils/packages/vuetify/src/components/VAutocomplete/VAutocomplete.html]
[github.com/vuetifyjs/vuetify/blob/dev/packages/vuetify/src/components/VAutocomplete/VAutocomplete.html]
[github.com/vuetifyjs/vuetify/blob/docs/add-sw/packages/vuetify/src/components/VAutocomplete/VAutocomplete.html]
[github.com/vuetifyjs/vuetify/blob/docs/ripples-page-refactor/packages/vuetify/src/components/VAutocomplete/VAutocomplete.html]
[github.com/vuetifyjs/vuetify/blob/enh/stackable-improvements/packages/vuetify/src/components/VAutocomplete/VAutocomplete.html]
[github.com/vuetifyjs/vuetify/blob/enhancement/morph-animejs/packages/vuetify/src/components/VAutocomplete/VAutocomplete.html]
[github.com/vuetifyjs/vuetify/blob/failed/fix/text-field-error-state-orig/packages/vuetify/src/components/VAutocomplete/VAutocomplete.html]
[github.com/vuetifyjs/vuetify/blob/failed/fix/text-field-error-state/packages/vuetify/src/components/VAutocomplete/VAutocomplete.html]
[github.com/vuetifyjs/vuetify/blob/feat/add-sparkline-fill/packages/vuetify/src/components/VAutocomplete/VAutocomplete.html]
[github.com/vuetifyjs/vuetify/blob/feat/calendar-events/packages/vuetify/src/components/VAutocomplete/VAutocomplete.html]
[github.com/vuetifyjs/vuetify/blob/feat/center-active-tab/packages/vuetify/src/components/VAutocomplete/VAutocomplete.html]
[github.com/vuetifyjs/vuetify/blob/feat/center-active-tab/packages/vuetify/src/components/VAutocomplete/VAutocomplete.html]
